<?xml version="1.0" encoding="UTF-8"?>
<testsuite
	xmlns:xsi="http://www.w3.org/2001/XMLSchema-instance"
	xsi:noNamespaceSchemaLocation=
          "https://maven.apache.org/surefire/maven-surefire-plugin/xsd/surefire-test-report.xsd"
	name="com.baeldung.execution.time.SampleExecutionTimeUnitTest"
	time="15.003" tests="3" errors="0" skipped="0" failures="0">
	<testcase name="someEndToEndTest"
		classname="com.baeldung.execution.time.SampleExecutionTimeUnitTest"
		time="9.996" />
	<testcase name="someIntegrationTest"
		classname="com.baeldung.execution.time.SampleExecutionTimeUnitTest"
		time="5.003" />
	<testcase name="someUnitTest"
		classname="com.baeldung.execution.time.SampleExecutionTimeUnitTest"
		time="0.002" />
</testsuite>
